   Compiling epistemic-graph v0.13.0 (/home/apps/workspace/agent-packages/epistemic-graph)
src/parser/tree_sitter.rs:4:19: warning: unused import: `Language`
src/lib.rs:37:5: warning: unused import: `pyo3::exceptions::PyValueError`
src/lib.rs:75:9: error[E0308]: mismatched types: expected `bool`, found `Result<bool, _>`
src/lib.rs:79:9: error[E0308]: mismatched types: expected `Vec<(String, String)>`, found `Result<Vec<(String, String)>, _>`
src/lib.rs:84:9: error[E0308]: mismatched types: expected `Option<String>`, found `Result<Option<String>, _>`
src/lib.rs:89:9: error[E0308]: mismatched types: expected `usize`, found `Result<usize, _>`
src/lib.rs:94:9: error[E0308]: mismatched types: expected `Vec<String>`, found `Result<Vec<String>, _>`
src/lib.rs:113:9: error[E0308]: mismatched types: expected `bool`, found `Result<bool, _>`
src/lib.rs:117:9: error[E0308]: mismatched types: expected `Vec<(String, String, String)>`, found `Result<Vec<(String, String, String)>, _>`
src/lib.rs:122:9: error[E0308]: mismatched types: expected `Vec<String>`, found `Result<Vec<String>, _>`
src/lib.rs:127:9: error[E0308]: mismatched types: expected `usize`, found `Result<usize, _>`
src/lib.rs:228:9: error[E0308]: mismatched types: expected `Vec<String>`, found `Result<Vec<String>, _>`
src/lib.rs:265:9: error[E0308]: mismatched types: expected `String`, found `Result<String, _>`
src/lib.rs:273:9: error[E0308]: mismatched types: expected `Vec<String>`, found `Result<Vec<String>, _>`
src/compute/spectral.rs:79:13: warning: variable `best_k` is assigned to, but never used
src/compute/spectral.rs:84:17: warning: value assigned to `best_k` is never read
src/finance/optimizer.rs:28:9: warning: variable does not need to be mutable
warning: `epistemic-graph` (lib) generated 5 warnings
error: could not compile `epistemic-graph` (lib) due to 12 previous errors; 5 warnings emitted
