   Compiling epistemic-graph v0.13.0 (/home/apps/workspace/agent-packages/epistemic-graph)
error[E0433]: cannot find `tree_sitter` in `parser`
  --> src/server.rs:63:34
   |
63 |             match crate::parser::tree_sitter::parse_file(&file_path, &source) {
   |                                  ^^^^^^^^^^^ could not find `tree_sitter` in `parser`
   |
note: found an item that was configured out
  --> src/parser/mod.rs:7:9
   |
 6 | #[cfg(feature = "ast")]
   |       --------------- the item is gated behind the `ast` feature
 7 | pub mod tree_sitter;
   |         ^^^^^^^^^^^

error[E0425]: cannot find value `operations_json` in this scope
   --> src/server.rs:523:60
    |
523 |             match crate::algorithms::batch_update(&mut g, &operations_json) {
    |                                                            ^^^^^^^^^^^^^^^ not found in this scope

error[E0308]: mismatched types
   --> src/server.rs:424:82
    |
424 | ...                   let _ = g.add_edge(s.to_string(), o.to_string(), format!("{{\"predicate\": \"{}\"}}", p));
    |                                                                        ^^^^^^^^^^^^^^^^^^^^^^^^^^^^^^^^^^^^^^^ expected `Vec<u8>`, found `String`
    |
    = note: expected struct `Vec<u8>`
               found struct `std::string::String`
help: call `Into::into` on this expression to convert `std::string::String` into `Vec<u8>`
    |
424 |                                 let _ = g.add_edge(s.to_string(), o.to_string(), format!("{{\"predicate\": \"{}\"}}", p).into());
    |                                                                                                                         +++++++

error[E0308]: mismatched types
    --> src/server.rs:604:63
     |
 604 |             match serde_json::from_slice::<serde_json::Value>(&diff_str) {
     |                   ------------------------------------------- ^^^^^^^^^ expected `&[u8]`, found `&String`
     |                   |
     |                   arguments to this function are incorrect
     |
     = note: expected reference `&[u8]`
                found reference `&std::string::String`
note: function defined here
    --> /home/genius/.cargo/registry/src/index.crates.io-1949cf8c6b5b557f/serde_json-1.0.150/src/de.rs:2667:8
     |
2667 | pub fn from_slice<'a, T>(v: &'a [u8]) -> Result<T>
     |        ^^^^^^^^^^

error[E0308]: mismatched types
    --> src/event_bus.rs:54:79
     |
  54 |                 if let Ok(json) = serde_json::from_slice::<serde_json::Value>(payload) {
     |                                   ------------------------------------------- ^^^^^^^ expected `&[u8]`, found `&str`
     |                                   |
     |                                   arguments to this function are incorrect
     |
     = note: expected reference `&[u8]`
                found reference `&str`
note: function defined here
    --> /home/genius/.cargo/registry/src/index.crates.io-1949cf8c6b5b557f/serde_json-1.0.150/src/de.rs:2667:8
     |
2667 | pub fn from_slice<'a, T>(v: &'a [u8]) -> Result<T>
     |        ^^^^^^^^^^

Some errors have detailed explanations: E0308, E0425, E0433.
For more information about an error, try `rustc --explain E0308`.
error: could not compile `epistemic-graph` (lib) due to 5 previous errors
